[2026-08-19 11:02:59] queue: === queue start · HEAD eb388f90528f · 1 arm(s): 40:47 ===
[2026-08-19 11:03:00] queue: --- shortzero_fortyseven (L=40 seed=47 fresh) ---
[2026-08-19 11:03:01] shortzero_fortyseven: total_lessons=40  TRAIN_TIMEOUT=21600s (6h)
[2026-08-19 11:03:01] shortzero_fortyseven: total_lessons=40  TRAIN_TIMEOUT=21600s (6h)
[2026-08-19 11:03:01] shortzero_fortyseven: train+emit start (HEAD eb388f9)
[2026-08-19 11:03:01] shortzero_fortyseven: train+emit start (HEAD eb388f9)
[2026-08-19 11:29:07] shortzero_fortyseven: train+emit rc=0 in 26 min
[2026-08-19 11:29:07] shortzero_fortyseven: train+emit rc=0 in 26 min
[2026-08-19 11:29:07] shortzero_fortyseven: cube predictions_calibration_20260819_111701 with 13 origins
[2026-08-19 11:29:07] shortzero_fortyseven: cube predictions_calibration_20260819_111701 with 13 origins
[2026-08-19 11:32:24] shortzero_fortyseven: scored + bootstrapped (AP rc=0, retention rc=0)
[2026-08-19 11:32:24] shortzero_fortyseven: scored + bootstrapped (AP rc=0, retention rc=0)
[2026-08-19 11:32:26] shortzero_fortyseven: cube deleted
[2026-08-19 11:32:26] shortzero_fortyseven: cube deleted
[2026-08-19 11:32:27] shortzero_fortyseven: oracle (use_real) on calibration_model_20260819_111701.pt
[2026-08-19 11:32:27] shortzero_fortyseven: oracle (use_real) on calibration_model_20260819_111701.pt
[2026-08-19 11:45:05] shortzero_fortyseven: oracle OK in 12 min
[2026-08-19 11:45:05] shortzero_fortyseven: oracle OK in 12 min
FLOOR GATE: FAIL
  thresholds md5: 6d5714d5ceda147ed16f53143abe7e37
  FG-A [         FAIL] AP 0.00901 / prevalence 0.009077 = 0.99x (need >= 5.0x)
  FG-B [         FAIL] AP(h1) 0.30613 / clim 0.29798 = 1.027x (want >= 1.2)
  FG-C [         PASS] a 30% effect is 0.00631 AP; 3x MDE is 0.00212
  binding failures: FG-A: the control ranks at 0.99x chance at h18 — BELOW RANDOM RANKING
retention: 0.0294
[2026-08-19 11:45:06] shortzero_fortyseven: GATE written: FLOORGATE_shortzero_fortyseven_FAIL
[2026-08-19 11:45:06] shortzero_fortyseven: GATE written: FLOORGATE_shortzero_fortyseven_FAIL
[2026-08-19 11:45:06] shortzero_fortyseven: ARM COMPLETE
[2026-08-19 11:45:06] shortzero_fortyseven: ARM COMPLETE
[2026-08-19 11:45:06] queue: shortzero_fortyseven OK
verify_curve: UNDERPOWERED (5 arms, 0 problem(s))
[2026-08-19 11:45:06] queue: === queue end · completed: shortzero_fortyseven · failed/skipped: none ===
