wrote /home/simon/Documents/scripts/views_platform/views-hydranet/reports/2026-08-18_lesson_curve_dossier/smoke/score_shortzero_fortyseven.csv  (7 rows: 1 models × 1 targets × 7 h)

=== sb: crps_all / mcr_none by horizon ===
h                        1      6      12     18     24     30     36
model                                                                
shortzero_fortyseven 0.1395 0.1171 0.1119 0.1346 0.1331 0.1687 0.8747
{
  "1": {
    "ap": 0.3061287974561565,
    "lo": 0.2926834400456245,
    "hi": 0.3240909771565117,
    "mde": 0.015703768555443587,
    "n_origins": 13.0
  },
  "18": {
    "ap": 0.00900953506511566,
    "lo": 0.008335614091363013,
    "hi": 0.00974615985146164,
    "mde": 0.0007052728800493136,
    "n_origins": 13.0
  }
}
{
  "ratio": 0.029430537538390186,
  "lo": 0.02653984820210732,
  "hi": 0.03271083854515839,
  "mde": 0.0030854951715255357,
  "ap_num": 0.00900953506511566,
  "ap_den": 0.3061287974561565,
  "numerator_h": 18.0,
  "denominator_h": 1.0,
  "n_origins": 13.0
}
